[2026-10-04T09:30:49Z WARN  rustpython_vm::object::core] couldn't run __del__ method for object
[2026-10-04T09:30:49Z WARN  rustpython_vm::object::core] couldn't run __del__ method for object
[2026-10-04T09:30:49Z WARN  rustpython_vm::object::core] couldn't run __del__ method for object
[2026-10-04T09:30:49Z WARN  rustpython_vm::object::core] couldn't run __del__ method for object
[2026-10-04T09:30:49Z WARN  rustpython_vm::object::core] couldn't run __del__ method for object
[2026-10-04T09:30:49Z WARN  rustpython_vm::object::core] couldn't run __del__ method for object
[2026-10-04T09:30:49Z WARN  rustpython_vm::object::core] couldn't run __del__ method for object
[2026-10-04T09:30:49Z WARN  rustpython_vm::object::core] couldn't run __del__ method for object
[2026-10-04T09:30:49Z WARN  rustpython_vm::object::core] couldn't run __del__ method for object
[2026-10-04T09:30:49Z WARN  rustpython_vm::object::core] couldn't run __del__ method for object
[2026-10-04T09:30:49Z WARN  rustpython_vm::object::core] couldn't run __del__ method for object
[2026-10-04T09:30:49Z WARN  rustpython_vm::object::core] couldn't run __del__ method for object
[2026-10-04T09:30:49Z WARN  rustpython_vm::object::core] couldn't run __del__ method for object
[2026-10-04T09:30:49Z WARN  rustpython_vm::object::core] couldn't run __del__ method for object
[2026-10-04T09:30:49Z WARN  rustpython_vm::object::core] couldn't run __del__ method for object
[2026-10-04T09:30:49Z WARN  rustpython_vm::object::core] couldn't run __del__ method for object
[2026-10-04T09:30:49Z WARN  rustpython_vm::object::core] couldn't run __del__ method for object
[2026-10-04T09:30:49Z WARN  rustpython_vm::object::core] couldn't run __del__ method for object
[2026-10-04T09:30:49Z WARN  rustpython_vm::object::core] couldn't run __del__ method for object
[2026-10-04T09:30:49Z WARN  rustpython_vm::object::core] couldn't run __del__ method for object
[2026-10-04T09:30:49Z WARN  rustpython_vm::object::core] couldn't run __del__ method for object
[2026-10-04T09:30:49Z WARN  rustpython_vm::object::core] couldn't run __del__ method for object
[2026-10-04T09:30:49Z WARN  rustpython_vm::object::core] couldn't run __del__ method for object
[2026-10-04T09:30:49Z WARN  rustpython_vm::object::core] couldn't run __del__ method for object
[2026-10-04T09:30:49Z WARN  rustpython_vm::object::core] couldn't run __del__ method for object
[2026-10-04T09:30:49Z WARN  rustpython_vm::object::core] couldn't run __del__ method for object
[2026-10-04T09:30:49Z WARN  rustpython_vm::object::core] couldn't run __del__ method for object
[2026-10-04T09:30:49Z WARN  rustpython_vm::object::core] couldn't run __del__ method for object
[2026-10-04T09:30:49Z WARN  rustpython_vm::object::core] couldn't run __del__ method for object
[2026-10-04T09:30:49Z WARN  rustpython_vm::object::core] couldn't run __del__ method for object
[2026-10-04T09:30:49Z WARN  rustpython_vm::object::core] couldn't run __del__ method for object
[2026-10-04T09:30:49Z WARN  rustpython_vm::object::core] couldn't run __del__ method for object
[2026-10-04T09:30:49Z WARN  rustpython_vm::object::core] couldn't run __del__ method for object
[2026-10-04T09:30:49Z WARN  rustpython_vm::object::core] couldn't run __del__ method for object
[2026-10-04T09:30:49Z WARN  rustpython_vm::object::core] couldn't run __del__ method for object
[2026-10-04T09:30:49Z WARN  rustpython_vm::object::core] couldn't run __del__ method for object
[2026-10-04T09:30:49Z WARN  rustpython_vm::object::core] couldn't run __del__ method for object
[2026-10-04T09:30:49Z WARN  rustpython_vm::object::core] couldn't run __del__ method for object
[2026-10-04T09:30:49Z WARN  rustpython_vm::object::core] couldn't run __del__ method for object
[2026-10-04T09:30:49Z WARN  rustpython_vm::object::core] couldn't run __del__ method for object
[2026-10-04T09:30:49Z WARN  rustpython_vm::object::core] couldn't run __del__ method for object
[2026-10-04T09:30:49Z WARN  rustpython_vm::object::core] couldn't run __del__ method for object
[2026-10-04T09:30:49Z WARN  rustpython_vm::object::core] couldn't run __del__ method for object
[2026-10-04T09:30:49Z WARN  rustpython_vm::object::core] couldn't run __del__ method for object
[2026-10-04T09:30:49Z WARN  rustpython_vm::object::core] couldn't run __del__ method for object
[2026-10-04T09:30:49Z WARN  rustpython_vm::object::core] couldn't run __del__ method for object
[2026-10-04T09:30:49Z WARN  rustpython_vm::object::core] couldn't run __del__ method for object
[2026-10-04T09:30:49Z WARN  rustpython_vm::object::core] couldn't run __del__ method for object
[2026-10-04T09:30:49Z WARN  rustpython_vm::object::core] couldn't run __del__ method for object
[2026-10-04T09:30:49Z WARN  rustpython_vm::object::core] couldn't run __del__ method for object
[2026-10-04T09:30:49Z WARN  rustpython_vm::object::core] couldn't run __del__ method for object
[2026-10-04T09:30:49Z WARN  rustpython_vm::object::core] couldn't run __del__ method for object
[2026-10-04T09:30:49Z WARN  rustpython_vm::object::core] couldn't run __del__ method for object
[2026-10-04T09:30:49Z WARN  rustpython_vm::object::core] couldn't run __del__ method for object
[2026-10-04T09:30:49Z WARN  rustpython_vm::object::core] couldn't run __del__ method for object
[2026-10-04T09:30:49Z WARN  rustpython_vm::object::core] couldn't run __del__ method for object
[2026-10-04T09:30:49Z WARN  rustpython_vm::object::core] couldn't run __del__ method for object
[2026-10-04T09:30:49Z WARN  rustpython_vm::object::core] couldn't run __del__ method for object
[2026-10-04T09:30:49Z WARN  rustpython_vm::object::core] couldn't run __del__ method for object
[2026-10-04T09:30:49Z WARN  rustpython_vm::object::core] couldn't run __del__ method for object
[2026-10-04T09:30:49Z WARN  rustpython_vm::object::core] couldn't run __del__ method for object
[2026-10-04T09:30:49Z WARN  rustpython_vm::object::core] couldn't run __del__ method for object
[2026-10-04T09:30:49Z WARN  rustpython_vm::object::core] couldn't run __del__ method for object
[2026-10-04T09:30:49Z WARN  rustpython_vm::object::core] couldn't run __del__ method for object
[2026-10-04T09:30:49Z WARN  rustpython_vm::object::core] couldn't run __del__ method for object
[2026-10-04T09:30:49Z WARN  rustpython_vm::object::core] couldn't run __del__ method for object
[2026-10-04T09:30:49Z WARN  rustpython_vm::object::core] couldn't run __del__ method for object
[2026-10-04T09:30:49Z WARN  rustpython_vm::object::core] couldn't run __del__ method for object
[2026-10-04T09:30:49Z WARN  rustpython_vm::object::core] couldn't run __del__ method for object
[2026-10-04T09:30:49Z WARN  rustpython_vm::object::core] couldn't run __del__ method for object
[2026-10-04T09:30:49Z WARN  rustpython_vm::object::core] couldn't run __del__ method for object
[2026-10-04T09:30:49Z WARN  rustpython_vm::object::core] couldn't run __del__ method for object
[2026-10-04T09:30:49Z WARN  rustpython_vm::object::core] couldn't run __del__ method for object
[2026-10-04T09:30:49Z WARN  rustpython_vm::object::core] couldn't run __del__ method for object
[2026-10-04T09:30:49Z WARN  rustpython_vm::object::core] couldn't run __del__ method for object
[2026-10-04T09:30:49Z WARN  rustpython_vm::object::core] couldn't run __del__ method for object
[2026-10-04T09:30:49Z WARN  rustpython_vm::object::core] couldn't run __del__ method for object
[2026-10-04T09:30:49Z WARN  rustpython_vm::object::core] couldn't run __del__ method for object
[2026-10-04T09:30:49Z WARN  rustpython_vm::object::core] couldn't run __del__ method for object
[2026-10-04T09:30:49Z WARN  rustpython_vm::object::core] couldn't run __del__ method for object
[2026-10-04T09:30:49Z WARN  rustpython_vm::object::core] couldn't run __del__ method for object
Traceback (most recent call last):
  File "<survey>/verification-tools/derived-main/issue-5699-case-01.py", line 6, in <module>
    case C(x):
ValueError: not enough values to unpack (expected 1, got 0)
