[2026-10-04T09:30:49Z WARN  rustpython_vm::object::core] couldn't run __del__ method for object
[2026-10-04T09:30:49Z WARN  rustpython_vm::object::core] couldn't run __del__ method for object
[2026-10-04T09:30:49Z WARN  rustpython_vm::object::core] couldn't run __del__ method for object
[2026-10-04T09:30:49Z WARN  rustpython_vm::object::core] couldn't run __del__ method for object
[2026-10-04T09:30:49Z WARN  rustpython_vm::object::core] couldn't run __del__ method for object
[2026-10-04T09:30:49Z WARN  rustpython_vm::object::core] couldn't run __del__ method for object
[2026-10-04T09:30:49Z WARN  rustpython_vm::object::core] couldn't run __del__ method for object
[2026-10-04T09:30:49Z WARN  rustpython_vm::object::core] couldn't run __del__ method for object
[2026-10-04T09:30:49Z WARN  rustpython_vm::object::core] couldn't run __del__ method for object
[2026-10-04T09:30:49Z WARN  rustpython_vm::object::core] couldn't run __del__ method for object
[2026-10-04T09:30:49Z WARN  rustpython_vm::object::core] couldn't run __del__ method for object
[2026-10-04T09:30:49Z WARN  rustpython_vm::object::core] couldn't run __del__ method for object
[2026-10-04T09:30:49Z WARN  rustpython_vm::object::core] couldn't run __del__ method for object
[2026-10-04T09:30:49Z WARN  rustpython_vm::object::core] couldn't run __del__ method for object
[2026-10-04T09:30:49Z WARN  rustpython_vm::object::core] couldn't run __del__ method for object
[2026-10-04T09:30:49Z WARN  rustpython_vm::object::core] couldn't run __del__ method for object
[2026-10-04T09:30:49Z WARN  rustpython_vm::object::core] couldn't run __del__ method for object
[2026-10-04T09:30:49Z WARN  rustpython_vm::object::core] couldn't run __del__ method for object
[2026-10-04T09:30:49Z WARN  rustpython_vm::object::core] couldn't run __del__ method for object
[2026-10-04T09:30:49Z WARN  rustpython_vm::object::core] couldn't run __del__ method for object
[2026-10-04T09:30:49Z WARN  rustpython_vm::object::core] couldn't run __del__ method for object
[2026-10-04T09:30:49Z WARN  rustpython_vm::object::core] couldn't run __del__ method for object
[2026-10-04T09:30:49Z WARN  rustpython_vm::object::core] couldn't run __del__ method for object
[2026-10-04T09:30:49Z WARN  rustpython_vm::object::core] couldn't run __del__ method for object
[2026-10-04T09:30:49Z WARN  rustpython_vm::object::core] couldn't run __del__ method for object
[2026-10-04T09:30:49Z WARN  rustpython_vm::object::core] couldn't run __del__ method for object
[2026-10-04T09:30:49Z WARN  rustpython_vm::object::core] couldn't run __del__ method for object
[2026-10-04T09:30:49Z WARN  rustpython_vm::object::core] couldn't run __del__ method for object
[2026-10-04T09:30:49Z WARN  rustpython_vm::object::core] couldn't run __del__ method for object
[2026-10-04T09:30:49Z WARN  rustpython_vm::object::core] couldn't run __del__ method for object
[2026-10-04T09:30:49Z WARN  rustpython_vm::object::core] couldn't run __del__ method for object
[2026-10-04T09:30:49Z WARN  rustpython_vm::object::core] couldn't run __del__ method for object
[2026-10-04T09:30:49Z WARN  rustpython_vm::object::core] couldn't run __del__ method for object
[2026-10-04T09:30:49Z WARN  rustpython_vm::object::core] couldn't run __del__ method for object
[2026-10-04T09:30:49Z WARN  rustpython_vm::object::core] couldn't run __del__ method for object
[2026-10-04T09:30:49Z WARN  rustpython_vm::object::core] couldn't run __del__ method for object
[2026-10-04T09:30:49Z WARN  rustpython_vm::object::core] couldn't run __del__ method for object
[2026-10-04T09:30:49Z WARN  rustpython_vm::object::core] couldn't run __del__ method for object
[2026-10-04T09:30:49Z WARN  rustpython_vm::object::core] couldn't run __del__ method for object
[2026-10-04T09:30:49Z WARN  rustpython_vm::object::core] couldn't run __del__ method for object
[2026-10-04T09:30:49Z WARN  rustpython_vm::object::core] couldn't run __del__ method for object
[2026-10-04T09:30:49Z WARN  rustpython_vm::object::core] couldn't run __del__ method for object
[2026-10-04T09:30:49Z WARN  rustpython_vm::object::core] couldn't run __del__ method for object
[2026-10-04T09:30:49Z WARN  rustpython_vm::object::core] couldn't run __del__ method for object
[2026-10-04T09:30:49Z WARN  rustpython_vm::object::core] couldn't run __del__ method for object
[2026-10-04T09:30:49Z WARN  rustpython_vm::object::core] couldn't run __del__ method for object
[2026-10-04T09:30:49Z WARN  rustpython_vm::object::core] couldn't run __del__ method for object
[2026-10-04T09:30:49Z WARN  rustpython_vm::object::core] couldn't run __del__ method for object
[2026-10-04T09:30:49Z WARN  rustpython_vm::object::core] couldn't run __del__ method for object
[2026-10-04T09:30:49Z WARN  rustpython_vm::object::core] couldn't run __del__ method for object
[2026-10-04T09:30:49Z WARN  rustpython_vm::object::core] couldn't run __del__ method for object
[2026-10-04T09:30:49Z WARN  rustpython_vm::object::core] couldn't run __del__ method for object
[2026-10-04T09:30:49Z WARN  rustpython_vm::object::core] couldn't run __del__ method for object
[2026-10-04T09:30:49Z WARN  rustpython_vm::object::core] couldn't run __del__ method for object
[2026-10-04T09:30:49Z WARN  rustpython_vm::object::core] couldn't run __del__ method for object
[2026-10-04T09:30:49Z WARN  rustpython_vm::object::core] couldn't run __del__ method for object
[2026-10-04T09:30:49Z WARN  rustpython_vm::object::core] couldn't run __del__ method for object
[2026-10-04T09:30:49Z WARN  rustpython_vm::object::core] couldn't run __del__ method for object
[2026-10-04T09:30:49Z WARN  rustpython_vm::object::core] couldn't run __del__ method for object
[2026-10-04T09:30:49Z WARN  rustpython_vm::object::core] couldn't run __del__ method for object
[2026-10-04T09:30:49Z WARN  rustpython_vm::object::core] couldn't run __del__ method for object
[2026-10-04T09:30:49Z WARN  rustpython_vm::object::core] couldn't run __del__ method for object
[2026-10-04T09:30:49Z WARN  rustpython_vm::object::core] couldn't run __del__ method for object
[2026-10-04T09:30:49Z WARN  rustpython_vm::object::core] couldn't run __del__ method for object
[2026-10-04T09:30:49Z WARN  rustpython_vm::object::core] couldn't run __del__ method for object
[2026-10-04T09:30:49Z WARN  rustpython_vm::object::core] couldn't run __del__ method for object
[2026-10-04T09:30:49Z WARN  rustpython_vm::object::core] couldn't run __del__ method for object
[2026-10-04T09:30:49Z WARN  rustpython_vm::object::core] couldn't run __del__ method for object
[2026-10-04T09:30:49Z WARN  rustpython_vm::object::core] couldn't run __del__ method for object
[2026-10-04T09:30:49Z WARN  rustpython_vm::object::core] couldn't run __del__ method for object
[2026-10-04T09:30:49Z WARN  rustpython_vm::object::core] couldn't run __del__ method for object
[2026-10-04T09:30:49Z WARN  rustpython_vm::object::core] couldn't run __del__ method for object
[2026-10-04T09:30:49Z WARN  rustpython_vm::object::core] couldn't run __del__ method for object
[2026-10-04T09:30:49Z WARN  rustpython_vm::object::core] couldn't run __del__ method for object
[2026-10-04T09:30:49Z WARN  rustpython_vm::object::core] couldn't run __del__ method for object
[2026-10-04T09:30:49Z WARN  rustpython_vm::object::core] couldn't run __del__ method for object
[2026-10-04T09:30:49Z WARN  rustpython_vm::object::core] couldn't run __del__ method for object
[2026-10-04T09:30:49Z WARN  rustpython_vm::object::core] couldn't run __del__ method for object
[2026-10-04T09:30:49Z WARN  rustpython_vm::object::core] couldn't run __del__ method for object
[2026-10-04T09:30:49Z WARN  rustpython_vm::object::core] couldn't run __del__ method for object
[2026-10-04T09:30:49Z WARN  rustpython_vm::object::core] couldn't run __del__ method for object
Traceback (most recent call last):
  File "<survey>/verification-tools/derived-main/issue-5699-case-02.py", line 4, in <module>
    value = frame.f_builtins
AttributeError: 'frame' object has no attribute 'f_builtins'
