[2026-10-04T09:30:49Z WARN  rustpython_vm::object::core] couldn't run __del__ method for object
[2026-10-04T09:30:49Z WARN  rustpython_vm::object::core] couldn't run __del__ method for object
[2026-10-04T09:30:49Z WARN  rustpython_vm::object::core] couldn't run __del__ method for object
[2026-10-04T09:30:49Z WARN  rustpython_vm::object::core] couldn't run __del__ method for object
[2026-10-04T09:30:49Z WARN  rustpython_vm::object::core] couldn't run __del__ method for object
[2026-10-04T09:30:49Z WARN  rustpython_vm::object::core] couldn't run __del__ method for object
[2026-10-04T09:30:49Z WARN  rustpython_vm::object::core] couldn't run __del__ method for object
[2026-10-04T09:30:49Z WARN  rustpython_vm::object::core] couldn't run __del__ method for object
[2026-10-04T09:30:49Z WARN  rustpython_vm::object::core] couldn't run __del__ method for object
[2026-10-04T09:30:49Z WARN  rustpython_vm::object::core] couldn't run __del__ method for object
[2026-10-04T09:30:49Z WARN  rustpython_vm::object::core] couldn't run __del__ method for object
[2026-10-04T09:30:49Z WARN  rustpython_vm::object::core] couldn't run __del__ method for object
[2026-10-04T09:30:49Z WARN  rustpython_vm::object::core] couldn't run __del__ method for object
[2026-10-04T09:30:49Z WARN  rustpython_vm::object::core] couldn't run __del__ method for object
[2026-10-04T09:30:49Z WARN  rustpython_vm::object::core] couldn't run __del__ method for object
[2026-10-04T09:30:49Z WARN  rustpython_vm::object::core] couldn't run __del__ method for object
[2026-10-04T09:30:49Z WARN  rustpython_vm::object::core] couldn't run __del__ method for object
[2026-10-04T09:30:49Z WARN  rustpython_vm::object::core] couldn't run __del__ method for object
[2026-10-04T09:30:49Z WARN  rustpython_vm::object::core] couldn't run __del__ method for object
[2026-10-04T09:30:49Z WARN  rustpython_vm::object::core] couldn't run __del__ method for object
[2026-10-04T09:30:49Z WARN  rustpython_vm::object::core] couldn't run __del__ method for object
[2026-10-04T09:30:49Z WARN  rustpython_vm::object::core] couldn't run __del__ method for object
[2026-10-04T09:30:49Z WARN  rustpython_vm::object::core] couldn't run __del__ method for object
[2026-10-04T09:30:49Z WARN  rustpython_vm::object::core] couldn't run __del__ method for object
[2026-10-04T09:30:49Z WARN  rustpython_vm::object::core] couldn't run __del__ method for object
[2026-10-04T09:30:49Z WARN  rustpython_vm::object::core] couldn't run __del__ method for object
[2026-10-04T09:30:49Z WARN  rustpython_vm::object::core] couldn't run __del__ method for object
[2026-10-04T09:30:49Z WARN  rustpython_vm::object::core] couldn't run __del__ method for object
[2026-10-04T09:30:49Z WARN  rustpython_vm::object::core] couldn't run __del__ method for object
[2026-10-04T09:30:49Z WARN  rustpython_vm::object::core] couldn't run __del__ method for object
[2026-10-04T09:30:49Z WARN  rustpython_vm::object::core] couldn't run __del__ method for object
[2026-10-04T09:30:49Z WARN  rustpython_vm::object::core] couldn't run __del__ method for object
[2026-10-04T09:30:49Z WARN  rustpython_vm::object::core] couldn't run __del__ method for object
[2026-10-04T09:30:49Z WARN  rustpython_vm::object::core] couldn't run __del__ method for object
[2026-10-04T09:30:49Z WARN  rustpython_vm::object::core] couldn't run __del__ method for object
[2026-10-04T09:30:49Z WARN  rustpython_vm::object::core] couldn't run __del__ method for object
[2026-10-04T09:30:49Z WARN  rustpython_vm::object::core] couldn't run __del__ method for object
[2026-10-04T09:30:49Z WARN  rustpython_vm::object::core] couldn't run __del__ method for object
[2026-10-04T09:30:49Z WARN  rustpython_vm::object::core] couldn't run __del__ method for object
[2026-10-04T09:30:49Z WARN  rustpython_vm::object::core] couldn't run __del__ method for object
[2026-10-04T09:30:49Z WARN  rustpython_vm::object::core] couldn't run __del__ method for object
[2026-10-04T09:30:49Z WARN  rustpython_vm::object::core] couldn't run __del__ method for object
[2026-10-04T09:30:49Z WARN  rustpython_vm::object::core] couldn't run __del__ method for object
[2026-10-04T09:30:49Z WARN  rustpython_vm::object::core] couldn't run __del__ method for object
[2026-10-04T09:30:49Z WARN  rustpython_vm::object::core] couldn't run __del__ method for object
[2026-10-04T09:30:49Z WARN  rustpython_vm::object::core] couldn't run __del__ method for object
[2026-10-04T09:30:49Z WARN  rustpython_vm::object::core] couldn't run __del__ method for object
[2026-10-04T09:30:49Z WARN  rustpython_vm::object::core] couldn't run __del__ method for object
[2026-10-04T09:30:49Z WARN  rustpython_vm::object::core] couldn't run __del__ method for object
[2026-10-04T09:30:49Z WARN  rustpython_vm::object::core] couldn't run __del__ method for object
[2026-10-04T09:30:49Z WARN  rustpython_vm::object::core] couldn't run __del__ method for object
[2026-10-04T09:30:49Z WARN  rustpython_vm::object::core] couldn't run __del__ method for object
[2026-10-04T09:30:49Z WARN  rustpython_vm::object::core] couldn't run __del__ method for object
[2026-10-04T09:30:49Z WARN  rustpython_vm::object::core] couldn't run __del__ method for object
[2026-10-04T09:30:49Z WARN  rustpython_vm::object::core] couldn't run __del__ method for object
[2026-10-04T09:30:49Z WARN  rustpython_vm::object::core] couldn't run __del__ method for object
[2026-10-04T09:30:49Z WARN  rustpython_vm::object::core] couldn't run __del__ method for object
[2026-10-04T09:30:49Z WARN  rustpython_vm::object::core] couldn't run __del__ method for object
[2026-10-04T09:30:49Z WARN  rustpython_vm::object::core] couldn't run __del__ method for object
[2026-10-04T09:30:49Z WARN  rustpython_vm::object::core] couldn't run __del__ method for object
[2026-10-04T09:30:49Z WARN  rustpython_vm::object::core] couldn't run __del__ method for object
[2026-10-04T09:30:49Z WARN  rustpython_vm::object::core] couldn't run __del__ method for object
[2026-10-04T09:30:49Z WARN  rustpython_vm::object::core] couldn't run __del__ method for object
[2026-10-04T09:30:49Z WARN  rustpython_vm::object::core] couldn't run __del__ method for object
[2026-10-04T09:30:49Z WARN  rustpython_vm::object::core] couldn't run __del__ method for object
[2026-10-04T09:30:49Z WARN  rustpython_vm::object::core] couldn't run __del__ method for object
[2026-10-04T09:30:49Z WARN  rustpython_vm::object::core] couldn't run __del__ method for object
[2026-10-04T09:30:49Z WARN  rustpython_vm::object::core] couldn't run __del__ method for object
[2026-10-04T09:30:49Z WARN  rustpython_vm::object::core] couldn't run __del__ method for object
[2026-10-04T09:30:49Z WARN  rustpython_vm::object::core] couldn't run __del__ method for object
[2026-10-04T09:30:49Z WARN  rustpython_vm::object::core] couldn't run __del__ method for object
[2026-10-04T09:30:49Z WARN  rustpython_vm::object::core] couldn't run __del__ method for object
[2026-10-04T09:30:49Z WARN  rustpython_vm::object::core] couldn't run __del__ method for object
[2026-10-04T09:30:49Z WARN  rustpython_vm::object::core] couldn't run __del__ method for object
[2026-10-04T09:30:49Z WARN  rustpython_vm::object::core] couldn't run __del__ method for object
[2026-10-04T09:30:49Z WARN  rustpython_vm::object::core] couldn't run __del__ method for object
[2026-10-04T09:30:49Z WARN  rustpython_vm::object::core] couldn't run __del__ method for object
[2026-10-04T09:30:49Z WARN  rustpython_vm::object::core] couldn't run __del__ method for object
[2026-10-04T09:30:49Z WARN  rustpython_vm::object::core] couldn't run __del__ method for object
[2026-10-04T09:30:49Z WARN  rustpython_vm::object::core] couldn't run __del__ method for object
[2026-10-04T09:30:49Z WARN  rustpython_vm::object::core] couldn't run __del__ method for object
  File "<survey>/verification-tools/derived-main/issue-5699-case-04.py", line 2
    try:
    ^
SyntaxError: rustPython does not implement this feature yet
