[2026-10-04T09:30:49Z WARN  rustpython_vm::object::core] couldn't run __del__ method for object
[2026-10-04T09:30:49Z WARN  rustpython_vm::object::core] couldn't run __del__ method for object
[2026-10-04T09:30:49Z WARN  rustpython_vm::object::core] couldn't run __del__ method for object
[2026-10-04T09:30:49Z WARN  rustpython_vm::object::core] couldn't run __del__ method for object
[2026-10-04T09:30:49Z WARN  rustpython_vm::object::core] couldn't run __del__ method for object
[2026-10-04T09:30:49Z WARN  rustpython_vm::object::core] couldn't run __del__ method for object
[2026-10-04T09:30:49Z WARN  rustpython_vm::object::core] couldn't run __del__ method for object
[2026-10-04T09:30:49Z WARN  rustpython_vm::object::core] couldn't run __del__ method for object
[2026-10-04T09:30:49Z WARN  rustpython_vm::object::core] couldn't run __del__ method for object
[2026-10-04T09:30:49Z WARN  rustpython_vm::object::core] couldn't run __del__ method for object
[2026-10-04T09:30:49Z WARN  rustpython_vm::object::core] couldn't run __del__ method for object
[2026-10-04T09:30:49Z WARN  rustpython_vm::object::core] couldn't run __del__ method for object
[2026-10-04T09:30:49Z WARN  rustpython_vm::object::core] couldn't run __del__ method for object
[2026-10-04T09:30:49Z WARN  rustpython_vm::object::core] couldn't run __del__ method for object
[2026-10-04T09:30:49Z WARN  rustpython_vm::object::core] couldn't run __del__ method for object
[2026-10-04T09:30:49Z WARN  rustpython_vm::object::core] couldn't run __del__ method for object
[2026-10-04T09:30:49Z WARN  rustpython_vm::object::core] couldn't run __del__ method for object
[2026-10-04T09:30:49Z WARN  rustpython_vm::object::core] couldn't run __del__ method for object
[2026-10-04T09:30:49Z WARN  rustpython_vm::object::core] couldn't run __del__ method for object
[2026-10-04T09:30:49Z WARN  rustpython_vm::object::core] couldn't run __del__ method for object
[2026-10-04T09:30:49Z WARN  rustpython_vm::object::core] couldn't run __del__ method for object
[2026-10-04T09:30:49Z WARN  rustpython_vm::object::core] couldn't run __del__ method for object
[2026-10-04T09:30:49Z WARN  rustpython_vm::object::core] couldn't run __del__ method for object
[2026-10-04T09:30:49Z WARN  rustpython_vm::object::core] couldn't run __del__ method for object
[2026-10-04T09:30:49Z WARN  rustpython_vm::object::core] couldn't run __del__ method for object
[2026-10-04T09:30:49Z WARN  rustpython_vm::object::core] couldn't run __del__ method for object
[2026-10-04T09:30:49Z WARN  rustpython_vm::object::core] couldn't run __del__ method for object
[2026-10-04T09:30:49Z WARN  rustpython_vm::object::core] couldn't run __del__ method for object
[2026-10-04T09:30:49Z WARN  rustpython_vm::object::core] couldn't run __del__ method for object
[2026-10-04T09:30:49Z WARN  rustpython_vm::object::core] couldn't run __del__ method for object
[2026-10-04T09:30:49Z WARN  rustpython_vm::object::core] couldn't run __del__ method for object
[2026-10-04T09:30:49Z WARN  rustpython_vm::object::core] couldn't run __del__ method for object
[2026-10-04T09:30:49Z WARN  rustpython_vm::object::core] couldn't run __del__ method for object
[2026-10-04T09:30:49Z WARN  rustpython_vm::object::core] couldn't run __del__ method for object
[2026-10-04T09:30:49Z WARN  rustpython_vm::object::core] couldn't run __del__ method for object
[2026-10-04T09:30:49Z WARN  rustpython_vm::object::core] couldn't run __del__ method for object
[2026-10-04T09:30:49Z WARN  rustpython_vm::object::core] couldn't run __del__ method for object
[2026-10-04T09:30:49Z WARN  rustpython_vm::object::core] couldn't run __del__ method for object
[2026-10-04T09:30:49Z WARN  rustpython_vm::object::core] couldn't run __del__ method for object
[2026-10-04T09:30:49Z WARN  rustpython_vm::object::core] couldn't run __del__ method for object
[2026-10-04T09:30:49Z WARN  rustpython_vm::object::core] couldn't run __del__ method for object
[2026-10-04T09:30:49Z WARN  rustpython_vm::object::core] couldn't run __del__ method for object
[2026-10-04T09:30:49Z WARN  rustpython_vm::object::core] couldn't run __del__ method for object
[2026-10-04T09:30:49Z WARN  rustpython_vm::object::core] couldn't run __del__ method for object
[2026-10-04T09:30:49Z WARN  rustpython_vm::object::core] couldn't run __del__ method for object
[2026-10-04T09:30:49Z WARN  rustpython_vm::object::core] couldn't run __del__ method for object
[2026-10-04T09:30:49Z WARN  rustpython_vm::object::core] couldn't run __del__ method for object
[2026-10-04T09:30:49Z WARN  rustpython_vm::object::core] couldn't run __del__ method for object
[2026-10-04T09:30:49Z WARN  rustpython_vm::object::core] couldn't run __del__ method for object
[2026-10-04T09:30:49Z WARN  rustpython_vm::object::core] couldn't run __del__ method for object
[2026-10-04T09:30:49Z WARN  rustpython_vm::object::core] couldn't run __del__ method for object
[2026-10-04T09:30:49Z WARN  rustpython_vm::object::core] couldn't run __del__ method for object
[2026-10-04T09:30:49Z WARN  rustpython_vm::object::core] couldn't run __del__ method for object
[2026-10-04T09:30:49Z WARN  rustpython_vm::object::core] couldn't run __del__ method for object
[2026-10-04T09:30:49Z WARN  rustpython_vm::object::core] couldn't run __del__ method for object
[2026-10-04T09:30:49Z WARN  rustpython_vm::object::core] couldn't run __del__ method for object
[2026-10-04T09:30:49Z WARN  rustpython_vm::object::core] couldn't run __del__ method for object
[2026-10-04T09:30:49Z WARN  rustpython_vm::object::core] couldn't run __del__ method for object
[2026-10-04T09:30:49Z WARN  rustpython_vm::object::core] couldn't run __del__ method for object
[2026-10-04T09:30:49Z WARN  rustpython_vm::object::core] couldn't run __del__ method for object
[2026-10-04T09:30:49Z WARN  rustpython_vm::object::core] couldn't run __del__ method for object
[2026-10-04T09:30:49Z WARN  rustpython_vm::object::core] couldn't run __del__ method for object
[2026-10-04T09:30:49Z WARN  rustpython_vm::object::core] couldn't run __del__ method for object
[2026-10-04T09:30:49Z WARN  rustpython_vm::object::core] couldn't run __del__ method for object
[2026-10-04T09:30:49Z WARN  rustpython_vm::object::core] couldn't run __del__ method for object
[2026-10-04T09:30:49Z WARN  rustpython_vm::object::core] couldn't run __del__ method for object
[2026-10-04T09:30:49Z WARN  rustpython_vm::object::core] couldn't run __del__ method for object
[2026-10-04T09:30:49Z WARN  rustpython_vm::object::core] couldn't run __del__ method for object
[2026-10-04T09:30:49Z WARN  rustpython_vm::object::core] couldn't run __del__ method for object
[2026-10-04T09:30:49Z WARN  rustpython_vm::object::core] couldn't run __del__ method for object
[2026-10-04T09:30:49Z WARN  rustpython_vm::object::core] couldn't run __del__ method for object
[2026-10-04T09:30:49Z WARN  rustpython_vm::object::core] couldn't run __del__ method for object
[2026-10-04T09:30:49Z WARN  rustpython_vm::object::core] couldn't run __del__ method for object
[2026-10-04T09:30:49Z WARN  rustpython_vm::object::core] couldn't run __del__ method for object
[2026-10-04T09:30:49Z WARN  rustpython_vm::object::core] couldn't run __del__ method for object
[2026-10-04T09:30:49Z WARN  rustpython_vm::object::core] couldn't run __del__ method for object
[2026-10-04T09:30:49Z WARN  rustpython_vm::object::core] couldn't run __del__ method for object
[2026-10-04T09:30:49Z WARN  rustpython_vm::object::core] couldn't run __del__ method for object
[2026-10-04T09:30:49Z WARN  rustpython_vm::object::core] couldn't run __del__ method for object
[2026-10-04T09:30:49Z WARN  rustpython_vm::object::core] couldn't run __del__ method for object
[2026-10-04T09:30:49Z WARN  rustpython_vm::object::core] couldn't run __del__ method for object
Traceback (most recent call last):
  File "<survey>/verification-tools/derived-main/issue-5699-case-03.py", line 2, in <module>
    names = sys.stdlib_module_names
AttributeError: module 'sys' has no attribute 'stdlib_module_names'. Did you mean: 'builtin_module_names'?
